// Jest Snapshot v1, https://goo.gl/fbAQLP

exports[`application instances index matches the snapshot 1`] = `undefined`;
