// Jest Snapshot v1, https://goo.gl/fbAQLP

exports[`application instances list row matches the snapshot 1`] = `
ShallowWrapper {
  "complexSelector": ComplexSelector {
    "buildPredicate": [Function],
    "childrenOfNode": [Function],
    "findWhereUnwrapped": [Function],
  },
  "length": 1,
  "node": <tr>
    <td>
        <form
            action="http://www.example.com"
        >
            <SettingsInputs
                settings={
                    Object {
                        "lti_key": "lti-key",
                        "user_canvas_domains": Array [
                          "",
                        ],
                      }
                }
            />
            <input
                name="canvas_url"
                type="hidden"
                value="http://www.example.com"
            />
            <input
                name="oauth_complete_url"
                type="hidden"
                value="about://blank#applications/23/application_instances/2/installs"
            />
        </form>
        <Link
            onClick={[Function]}
            onlyActiveOnIndex={false}
            style={Object {}}
            to="applications/23/application_instances/2/installs"
        >
            Example
        </Link>
        <div>
            http://www.example.com
        </div>
    </td>
    <td>
        <span>
            lti-key
        </span>
    </td>
    <td>
        <span>
            www.example.com
        </span>
    </td>
    <td>
        <button
            onClick={[Function]}
            style={
                Object {
                    "backgroundColor": "transparent",
                    "border": "none",
                    "color": "grey",
                    "cursor": "pointer",
                    "fontSize": "1.5em",
                  }
            }
        >
            <i
                className="i-settings"
            />
        </button>
        <Modal
            application={undefined}
            applicationInstance={
                Object {
                    "application_id": 23,
                    "id": 2,
                    "site": Object {
                      "url": "http://www.example.com",
                    },
                  }
            }
            closeModal={[Function]}
            isOpen={false}
            save={[Function]}
            sites={
                Object {
                    "1": Object {
                      "id": 1,
                      "url": "http://www.example.com",
                    },
                  }
            }
        />
    </td>
    <td>
        <button
            onClick={[Function]}
            style={
                Object {
                    "backgroundColor": "transparent",
                    "border": "none",
                    "color": "grey",
                    "cursor": "pointer",
                    "fontSize": "1.5em",
                  }
            }
        >
            <i
                className="i-settings"
            />
        </button>
        <ConfigXmlModal
            application={undefined}
            applicationInstance={
                Object {
                    "application_id": 23,
                    "id": 2,
                    "site": Object {
                      "url": "http://www.example.com",
                    },
                  }
            }
            closeModal={[Function]}
            isOpen={false}
        />
    </td>
    <td>
        <button
            className="c-disable"
            onClick={[Function]}
        >
            <Enabled />
        </button>
    </td>
    <td>
        <button
            className="c-delete"
            onClick={[Function]}
        >
            <i
                className="i-delete"
            />
        </button>
    </td>
</tr>,
  "nodes": Array [
    <tr>
      <td>
            <form
                  action="http://www.example.com"
            >
                  <SettingsInputs
                        settings={
                              Object {
                                    "lti_key": "lti-key",
                                    "user_canvas_domains": Array [
                                      "",
                                    ],
                                  }
                        }
                  />
                  <input
                        name="canvas_url"
                        type="hidden"
                        value="http://www.example.com"
                  />
                  <input
                        name="oauth_complete_url"
                        type="hidden"
                        value="about://blank#applications/23/application_instances/2/installs"
                  />
            </form>
            <Link
                  onClick={[Function]}
                  onlyActiveOnIndex={false}
                  style={Object {}}
                  to="applications/23/application_instances/2/installs"
            >
                  Example
            </Link>
            <div>
                  http://www.example.com
            </div>
      </td>
      <td>
            <span>
                  lti-key
            </span>
      </td>
      <td>
            <span>
                  www.example.com
            </span>
      </td>
      <td>
            <button
                  onClick={[Function]}
                  style={
                        Object {
                              "backgroundColor": "transparent",
                              "border": "none",
                              "color": "grey",
                              "cursor": "pointer",
                              "fontSize": "1.5em",
                            }
                  }
            >
                  <i
                        className="i-settings"
                  />
            </button>
            <Modal
                  application={undefined}
                  applicationInstance={
                        Object {
                              "application_id": 23,
                              "id": 2,
                              "site": Object {
                                "url": "http://www.example.com",
                              },
                            }
                  }
                  closeModal={[Function]}
                  isOpen={false}
                  save={[Function]}
                  sites={
                        Object {
                              "1": Object {
                                "id": 1,
                                "url": "http://www.example.com",
                              },
                            }
                  }
            />
      </td>
      <td>
            <button
                  onClick={[Function]}
                  style={
                        Object {
                              "backgroundColor": "transparent",
                              "border": "none",
                              "color": "grey",
                              "cursor": "pointer",
                              "fontSize": "1.5em",
                            }
                  }
            >
                  <i
                        className="i-settings"
                  />
            </button>
            <ConfigXmlModal
                  application={undefined}
                  applicationInstance={
                        Object {
                              "application_id": 23,
                              "id": 2,
                              "site": Object {
                                "url": "http://www.example.com",
                              },
                            }
                  }
                  closeModal={[Function]}
                  isOpen={false}
            />
      </td>
      <td>
            <button
                  className="c-disable"
                  onClick={[Function]}
            >
                  <Enabled />
            </button>
      </td>
      <td>
            <button
                  className="c-delete"
                  onClick={[Function]}
            >
                  <i
                        className="i-delete"
                  />
            </button>
      </td>
</tr>,
  ],
  "options": Object {},
  "renderer": ReactShallowRenderer {
    "_instance": ShallowComponentWrapper {
      "_calledComponentWillUnmount": false,
      "_compositeType": 0,
      "_context": Object {},
      "_currentElement": <ListRow
        applicationInstance={
                Object {
                        "application_id": 23,
                        "id": 2,
                        "site": Object {
                          "url": "http://www.example.com",
                        },
                      }
        }
        canvasOauthURL="http://www.example.com"
        delete={[Function]}
        disable={[Function]}
        domain="www.example.com"
        lti_key="lti-key"
        save={[Function]}
        settings={
                Object {
                        "lti_key": "lti-key",
                        "user_canvas_domains": Array [
                          "",
                        ],
                      }
        }
        sites={
                Object {
                        "1": Object {
                          "id": 1,
                          "url": "http://www.example.com",
                        },
                      }
        }
/>,
      "_debugID": 1,
      "_hostContainerInfo": null,
      "_hostParent": null,
      "_instance": ListRow {
        "_reactInternalInstance": [Circular],
        "context": Object {},
        "props": Object {
          "applicationInstance": Object {
            "application_id": 23,
            "id": 2,
            "site": Object {
              "url": "http://www.example.com",
            },
          },
          "canvasOauthURL": "http://www.example.com",
          "delete": [Function],
          "disable": [Function],
          "domain": "www.example.com",
          "lti_key": "lti-key",
          "save": [Function],
          "settings": Object {
            "lti_key": "lti-key",
            "user_canvas_domains": Array [
              "",
            ],
          },
          "sites": Object {
            "1": Object {
              "id": 1,
              "url": "http://www.example.com",
            },
          },
        },
        "refs": Object {},
        "state": Object {
          "modalConfigXmlOpen": false,
          "modalOpen": false,
        },
        "updater": Object {
          "enqueueCallback": [Function],
          "enqueueCallbackInternal": [Function],
          "enqueueElementInternal": [Function],
          "enqueueForceUpdate": [Function],
          "enqueueReplaceState": [Function],
          "enqueueSetState": [Function],
          "isMounted": [Function],
          "validateCallback": [Function],
        },
      },
      "_mountOrder": 1,
      "_pendingCallbacks": null,
      "_pendingElement": null,
      "_pendingForceUpdate": false,
      "_pendingReplaceState": false,
      "_pendingStateQueue": null,
      "_renderedComponent": NoopInternalComponent {
        "_currentElement": <tr>
          <td>
                    <form
                              action="http://www.example.com"
                    >
                              <SettingsInputs
                                        settings={
                                                  Object {
                                                            "lti_key": "lti-key",
                                                            "user_canvas_domains": Array [
                                                              "",
                                                            ],
                                                          }
                                        }
                              />
                              <input
                                        name="canvas_url"
                                        type="hidden"
                                        value="http://www.example.com"
                              />
                              <input
                                        name="oauth_complete_url"
                                        type="hidden"
                                        value="about://blank#applications/23/application_instances/2/installs"
                              />
                    </form>
                    <Link
                              onClick={[Function]}
                              onlyActiveOnIndex={false}
                              style={Object {}}
                              to="applications/23/application_instances/2/installs"
                    >
                              Example
                    </Link>
                    <div>
                              http://www.example.com
                    </div>
          </td>
          <td>
                    <span>
                              lti-key
                    </span>
          </td>
          <td>
                    <span>
                              www.example.com
                    </span>
          </td>
          <td>
                    <button
                              onClick={[Function]}
                              style={
                                        Object {
                                                  "backgroundColor": "transparent",
                                                  "border": "none",
                                                  "color": "grey",
                                                  "cursor": "pointer",
                                                  "fontSize": "1.5em",
                                                }
                              }
                    >
                              <i
                                        className="i-settings"
                              />
                    </button>
                    <Modal
                              application={undefined}
                              applicationInstance={
                                        Object {
                                                  "application_id": 23,
                                                  "id": 2,
                                                  "site": Object {
                                                    "url": "http://www.example.com",
                                                  },
                                                }
                              }
                              closeModal={[Function]}
                              isOpen={false}
                              save={[Function]}
                              sites={
                                        Object {
                                                  "1": Object {
                                                    "id": 1,
                                                    "url": "http://www.example.com",
                                                  },
                                                }
                              }
                    />
          </td>
          <td>
                    <button
                              onClick={[Function]}
                              style={
                                        Object {
                                                  "backgroundColor": "transparent",
                                                  "border": "none",
                                                  "color": "grey",
                                                  "cursor": "pointer",
                                                  "fontSize": "1.5em",
                                                }
                              }
                    >
                              <i
                                        className="i-settings"
                              />
                    </button>
                    <ConfigXmlModal
                              application={undefined}
                              applicationInstance={
                                        Object {
                                                  "application_id": 23,
                                                  "id": 2,
                                                  "site": Object {
                                                    "url": "http://www.example.com",
                                                  },
                                                }
                              }
                              closeModal={[Function]}
                              isOpen={false}
                    />
          </td>
          <td>
                    <button
                              className="c-disable"
                              onClick={[Function]}
                    >
                              <Enabled />
                    </button>
          </td>
          <td>
                    <button
                              className="c-delete"
                              onClick={[Function]}
                    >
                              <i
                                        className="i-delete"
                              />
                    </button>
          </td>
</tr>,
        "_debugID": 2,
        "_renderedOutput": <tr>
          <td>
                    <form
                              action="http://www.example.com"
                    >
                              <SettingsInputs
                                        settings={
                                                  Object {
                                                            "lti_key": "lti-key",
                                                            "user_canvas_domains": Array [
                                                              "",
                                                            ],
                                                          }
                                        }
                              />
                              <input
                                        name="canvas_url"
                                        type="hidden"
                                        value="http://www.example.com"
                              />
                              <input
                                        name="oauth_complete_url"
                                        type="hidden"
                                        value="about://blank#applications/23/application_instances/2/installs"
                              />
                    </form>
                    <Link
                              onClick={[Function]}
                              onlyActiveOnIndex={false}
                              style={Object {}}
                              to="applications/23/application_instances/2/installs"
                    >
                              Example
                    </Link>
                    <div>
                              http://www.example.com
                    </div>
          </td>
          <td>
                    <span>
                              lti-key
                    </span>
          </td>
          <td>
                    <span>
                              www.example.com
                    </span>
          </td>
          <td>
                    <button
                              onClick={[Function]}
                              style={
                                        Object {
                                                  "backgroundColor": "transparent",
                                                  "border": "none",
                                                  "color": "grey",
                                                  "cursor": "pointer",
                                                  "fontSize": "1.5em",
                                                }
                              }
                    >
                              <i
                                        className="i-settings"
                              />
                    </button>
                    <Modal
                              application={undefined}
                              applicationInstance={
                                        Object {
                                                  "application_id": 23,
                                                  "id": 2,
                                                  "site": Object {
                                                    "url": "http://www.example.com",
                                                  },
                                                }
                              }
                              closeModal={[Function]}
                              isOpen={false}
                              save={[Function]}
                              sites={
                                        Object {
                                                  "1": Object {
                                                    "id": 1,
                                                    "url": "http://www.example.com",
                                                  },
                                                }
                              }
                    />
          </td>
          <td>
                    <button
                              onClick={[Function]}
                              style={
                                        Object {
                                                  "backgroundColor": "transparent",
                                                  "border": "none",
                                                  "color": "grey",
                                                  "cursor": "pointer",
                                                  "fontSize": "1.5em",
                                                }
                              }
                    >
                              <i
                                        className="i-settings"
                              />
                    </button>
                    <ConfigXmlModal
                              application={undefined}
                              applicationInstance={
                                        Object {
                                                  "application_id": 23,
                                                  "id": 2,
                                                  "site": Object {
                                                    "url": "http://www.example.com",
                                                  },
                                                }
                              }
                              closeModal={[Function]}
                              isOpen={false}
                    />
          </td>
          <td>
                    <button
                              className="c-disable"
                              onClick={[Function]}
                    >
                              <Enabled />
                    </button>
          </td>
          <td>
                    <button
                              className="c-delete"
                              onClick={[Function]}
                    >
                              <i
                                        className="i-delete"
                              />
                    </button>
          </td>
</tr>,
      },
      "_renderedNodeType": 0,
      "_rootNodeID": 0,
      "_topLevelWrapper": null,
      "_updateBatchNumber": null,
      "_warnedAboutRefsInRender": false,
    },
    "getRenderOutput": [Function],
    "render": [Function],
  },
  "root": [Circular],
  "unrendered": <ListRow
    applicationInstance={
        Object {
            "application_id": 23,
            "id": 2,
            "site": Object {
              "url": "http://www.example.com",
            },
          }
    }
    canvasOauthURL="http://www.example.com"
    delete={[Function]}
    disable={[Function]}
    domain="www.example.com"
    lti_key="lti-key"
    save={[Function]}
    settings={
        Object {
            "lti_key": "lti-key",
            "user_canvas_domains": Array [
              "",
            ],
          }
    }
    sites={
        Object {
            "1": Object {
              "id": 1,
              "url": "http://www.example.com",
            },
          }
    }
/>,
}
`;
