// Jest Snapshot v1, https://goo.gl/fbAQLP

exports[`application instances list matches the snapshot 1`] = `
ShallowWrapper {
  "complexSelector": ComplexSelector {
    "buildPredicate": [Function],
    "childrenOfNode": [Function],
    "findWhereUnwrapped": [Function],
  },
  "length": 1,
  "node": <table
    className="c-table c-table--instances"
>
    <thead>
        <tr>
            <th>
                <span>
                    INSTANCE
                </span>
            </th>
            <th>
                <span>
                    LTI KEY
                </span>
            </th>
            <th>
                <span>
                    DOMAIN
                </span>
            </th>
            <th>
                <span>
                    SETTINGS
                </span>
            </th>
            <th>
                <span>
                    CONFIG XML
                </span>
            </th>
            <th>
                <span>
                    ENABLED
                </span>
            </th>
            <th />
        </tr>
    </thead>
    <tbody>
        <ListRow
            application={Object {}}
            applicationInstance={
                Object {
                    "application_id": 7,
                    "id": 4,
                  }
            }
            canvasOauthURL="https://example.com"
            delete={[Function]}
            disable={[Function]}
            save={[Function]}
            settings={Object {}}
            sites={
                Object {
                    "1": Object {
                      "id": 1,
                      "url": "http://www.example.com",
                    },
                  }
            }
        />
    </tbody>
</table>,
  "nodes": Array [
    <table
      className="c-table c-table--instances"
>
      <thead>
            <tr>
                  <th>
                        <span>
                              INSTANCE
                        </span>
                  </th>
                  <th>
                        <span>
                              LTI KEY
                        </span>
                  </th>
                  <th>
                        <span>
                              DOMAIN
                        </span>
                  </th>
                  <th>
                        <span>
                              SETTINGS
                        </span>
                  </th>
                  <th>
                        <span>
                              CONFIG XML
                        </span>
                  </th>
                  <th>
                        <span>
                              ENABLED
                        </span>
                  </th>
                  <th />
            </tr>
      </thead>
      <tbody>
            <ListRow
                  application={Object {}}
                  applicationInstance={
                        Object {
                              "application_id": 7,
                              "id": 4,
                            }
                  }
                  canvasOauthURL="https://example.com"
                  delete={[Function]}
                  disable={[Function]}
                  save={[Function]}
                  settings={Object {}}
                  sites={
                        Object {
                              "1": Object {
                                "id": 1,
                                "url": "http://www.example.com",
                              },
                            }
                  }
            />
      </tbody>
</table>,
  ],
  "options": Object {},
  "renderer": ReactShallowRenderer {
    "_instance": ShallowComponentWrapper {
      "_calledComponentWillUnmount": false,
      "_compositeType": 2,
      "_context": Object {},
      "_currentElement": <List
        application={Object {}}
        applicationInstances={
                Array [
                        Object {
                          "application_id": 7,
                          "id": 4,
                        },
                      ]
        }
        canvasOauthURL="https://example.com"
        deleteApplicationInstance={[Function]}
        disableApplicationInstance={[Function]}
        saveApplicationInstance={[Function]}
        settings={Object {}}
        sites={
                Object {
                        "1": Object {
                          "id": 1,
                          "url": "http://www.example.com",
                        },
                      }
        }
/>,
      "_debugID": 1,
      "_hostContainerInfo": null,
      "_hostParent": null,
      "_instance": StatelessComponent {
        "_reactInternalInstance": [Circular],
        "context": Object {},
        "props": Object {
          "application": Object {},
          "applicationInstances": Array [
            Object {
              "application_id": 7,
              "id": 4,
            },
          ],
          "canvasOauthURL": "https://example.com",
          "deleteApplicationInstance": [Function],
          "disableApplicationInstance": [Function],
          "saveApplicationInstance": [Function],
          "settings": Object {},
          "sites": Object {
            "1": Object {
              "id": 1,
              "url": "http://www.example.com",
            },
          },
        },
        "refs": Object {},
        "state": null,
        "updater": Object {
          "enqueueCallback": [Function],
          "enqueueCallbackInternal": [Function],
          "enqueueElementInternal": [Function],
          "enqueueForceUpdate": [Function],
          "enqueueReplaceState": [Function],
          "enqueueSetState": [Function],
          "isMounted": [Function],
          "validateCallback": [Function],
        },
      },
      "_mountOrder": 1,
      "_pendingCallbacks": null,
      "_pendingElement": null,
      "_pendingForceUpdate": false,
      "_pendingReplaceState": false,
      "_pendingStateQueue": null,
      "_renderedComponent": NoopInternalComponent {
        "_currentElement": <table
          className="c-table c-table--instances"
>
          <thead>
                    <tr>
                              <th>
                                        <span>
                                                  INSTANCE
                                        </span>
                              </th>
                              <th>
                                        <span>
                                                  LTI KEY
                                        </span>
                              </th>
                              <th>
                                        <span>
                                                  DOMAIN
                                        </span>
                              </th>
                              <th>
                                        <span>
                                                  SETTINGS
                                        </span>
                              </th>
                              <th>
                                        <span>
                                                  CONFIG XML
                                        </span>
                              </th>
                              <th>
                                        <span>
                                                  ENABLED
                                        </span>
                              </th>
                              <th />
                    </tr>
          </thead>
          <tbody>
                    <ListRow
                              application={Object {}}
                              applicationInstance={
                                        Object {
                                                  "application_id": 7,
                                                  "id": 4,
                                                }
                              }
                              canvasOauthURL="https://example.com"
                              delete={[Function]}
                              disable={[Function]}
                              save={[Function]}
                              settings={Object {}}
                              sites={
                                        Object {
                                                  "1": Object {
                                                    "id": 1,
                                                    "url": "http://www.example.com",
                                                  },
                                                }
                              }
                    />
          </tbody>
</table>,
        "_debugID": 2,
        "_renderedOutput": <table
          className="c-table c-table--instances"
>
          <thead>
                    <tr>
                              <th>
                                        <span>
                                                  INSTANCE
                                        </span>
                              </th>
                              <th>
                                        <span>
                                                  LTI KEY
                                        </span>
                              </th>
                              <th>
                                        <span>
                                                  DOMAIN
                                        </span>
                              </th>
                              <th>
                                        <span>
                                                  SETTINGS
                                        </span>
                              </th>
                              <th>
                                        <span>
                                                  CONFIG XML
                                        </span>
                              </th>
                              <th>
                                        <span>
                                                  ENABLED
                                        </span>
                              </th>
                              <th />
                    </tr>
          </thead>
          <tbody>
                    <ListRow
                              application={Object {}}
                              applicationInstance={
                                        Object {
                                                  "application_id": 7,
                                                  "id": 4,
                                                }
                              }
                              canvasOauthURL="https://example.com"
                              delete={[Function]}
                              disable={[Function]}
                              save={[Function]}
                              settings={Object {}}
                              sites={
                                        Object {
                                                  "1": Object {
                                                    "id": 1,
                                                    "url": "http://www.example.com",
                                                  },
                                                }
                              }
                    />
          </tbody>
</table>,
      },
      "_renderedNodeType": 0,
      "_rootNodeID": 0,
      "_topLevelWrapper": null,
      "_updateBatchNumber": null,
      "_warnedAboutRefsInRender": false,
    },
    "getRenderOutput": [Function],
    "render": [Function],
  },
  "root": [Circular],
  "unrendered": <List
    application={Object {}}
    applicationInstances={
        Array [
            Object {
              "application_id": 7,
              "id": 4,
            },
          ]
    }
    canvasOauthURL="https://example.com"
    deleteApplicationInstance={[Function]}
    disableApplicationInstance={[Function]}
    saveApplicationInstance={[Function]}
    settings={Object {}}
    sites={
        Object {
            "1": Object {
              "id": 1,
              "url": "http://www.example.com",
            },
          }
    }
/>,
}
`;
