// Jest Snapshot v1, https://goo.gl/fbAQLP

exports[`applications application row matches the snapshot 1`] = `
ShallowWrapper {
  "complexSelector": ComplexSelector {
    "buildPredicate": [Function],
    "childrenOfNode": [Function],
    "findWhereUnwrapped": [Function],
  },
  "length": 1,
  "node": <tr>
    <td>
        <Link
            onlyActiveOnIndex={false}
            style={Object {}}
            to="/applications/314159/application_instances"
        >
            SPECNAME
        </Link>
    </td>
    <td>
        <span>
            123
        </span>
    </td>
    <td>
        <button
            onClick={[Function]}
            style={
                Object {
                    "backgroundColor": "transparent",
                    "border": "none",
                    "color": "grey",
                    "cursor": "pointer",
                    "fontSize": "1.5em",
                  }
            }
        >
            <i
                className="i-settings"
            />
        </button>
        <Modal
            application={
                Object {
                    "application_instances_count": 123,
                    "id": 314159,
                    "name": "SPECNAME",
                  }
            }
            closeModal={[Function]}
            isOpen={false}
            save={[Function]}
        />
    </td>
</tr>,
  "nodes": Array [
    <tr>
      <td>
            <Link
                  onlyActiveOnIndex={false}
                  style={Object {}}
                  to="/applications/314159/application_instances"
            >
                  SPECNAME
            </Link>
      </td>
      <td>
            <span>
                  123
            </span>
      </td>
      <td>
            <button
                  onClick={[Function]}
                  style={
                        Object {
                              "backgroundColor": "transparent",
                              "border": "none",
                              "color": "grey",
                              "cursor": "pointer",
                              "fontSize": "1.5em",
                            }
                  }
            >
                  <i
                        className="i-settings"
                  />
            </button>
            <Modal
                  application={
                        Object {
                              "application_instances_count": 123,
                              "id": 314159,
                              "name": "SPECNAME",
                            }
                  }
                  closeModal={[Function]}
                  isOpen={false}
                  save={[Function]}
            />
      </td>
</tr>,
  ],
  "options": Object {},
  "renderer": ReactShallowRenderer {
    "_instance": ShallowComponentWrapper {
      "_calledComponentWillUnmount": false,
      "_compositeType": 0,
      "_context": Object {},
      "_currentElement": <ApplicationRow
        application={
                Object {
                        "application_instances_count": 123,
                        "id": 314159,
                        "name": "SPECNAME",
                      }
        }
        saveApplication={[Function]}
/>,
      "_debugID": 1,
      "_hostContainerInfo": null,
      "_hostParent": null,
      "_instance": ApplicationRow {
        "_reactInternalInstance": [Circular],
        "context": Object {},
        "props": Object {
          "application": Object {
            "application_instances_count": 123,
            "id": 314159,
            "name": "SPECNAME",
          },
          "saveApplication": [Function],
        },
        "refs": Object {},
        "state": Object {
          "modalOpen": false,
        },
        "updater": Object {
          "enqueueCallback": [Function],
          "enqueueCallbackInternal": [Function],
          "enqueueElementInternal": [Function],
          "enqueueForceUpdate": [Function],
          "enqueueReplaceState": [Function],
          "enqueueSetState": [Function],
          "isMounted": [Function],
          "validateCallback": [Function],
        },
      },
      "_mountOrder": 1,
      "_pendingCallbacks": null,
      "_pendingElement": null,
      "_pendingForceUpdate": false,
      "_pendingReplaceState": false,
      "_pendingStateQueue": null,
      "_renderedComponent": NoopInternalComponent {
        "_currentElement": <tr>
          <td>
                    <Link
                              onlyActiveOnIndex={false}
                              style={Object {}}
                              to="/applications/314159/application_instances"
                    >
                              SPECNAME
                    </Link>
          </td>
          <td>
                    <span>
                              123
                    </span>
          </td>
          <td>
                    <button
                              onClick={[Function]}
                              style={
                                        Object {
                                                  "backgroundColor": "transparent",
                                                  "border": "none",
                                                  "color": "grey",
                                                  "cursor": "pointer",
                                                  "fontSize": "1.5em",
                                                }
                              }
                    >
                              <i
                                        className="i-settings"
                              />
                    </button>
                    <Modal
                              application={
                                        Object {
                                                  "application_instances_count": 123,
                                                  "id": 314159,
                                                  "name": "SPECNAME",
                                                }
                              }
                              closeModal={[Function]}
                              isOpen={false}
                              save={[Function]}
                    />
          </td>
</tr>,
        "_debugID": 2,
        "_renderedOutput": <tr>
          <td>
                    <Link
                              onlyActiveOnIndex={false}
                              style={Object {}}
                              to="/applications/314159/application_instances"
                    >
                              SPECNAME
                    </Link>
          </td>
          <td>
                    <span>
                              123
                    </span>
          </td>
          <td>
                    <button
                              onClick={[Function]}
                              style={
                                        Object {
                                                  "backgroundColor": "transparent",
                                                  "border": "none",
                                                  "color": "grey",
                                                  "cursor": "pointer",
                                                  "fontSize": "1.5em",
                                                }
                              }
                    >
                              <i
                                        className="i-settings"
                              />
                    </button>
                    <Modal
                              application={
                                        Object {
                                                  "application_instances_count": 123,
                                                  "id": 314159,
                                                  "name": "SPECNAME",
                                                }
                              }
                              closeModal={[Function]}
                              isOpen={false}
                              save={[Function]}
                    />
          </td>
</tr>,
      },
      "_renderedNodeType": 0,
      "_rootNodeID": 0,
      "_topLevelWrapper": null,
      "_updateBatchNumber": null,
      "_warnedAboutRefsInRender": false,
    },
    "getRenderOutput": [Function],
    "render": [Function],
  },
  "root": [Circular],
  "unrendered": <ApplicationRow
    application={
        Object {
            "application_instances_count": 123,
            "id": 314159,
            "name": "SPECNAME",
          }
    }
    saveApplication={[Function]}
/>,
}
`;
