// Jest Snapshot v1, https://goo.gl/fbAQLP

exports[`applications form matches the snapshot 1`] = `
ShallowWrapper {
  "complexSelector": ComplexSelector {
    "buildPredicate": [Function],
    "childrenOfNode": [Function],
    "findWhereUnwrapped": [Function],
  },
  "length": 1,
  "node": <form>
    <div
        className="o-grid o-grid__modal-top"
    >
        <div
            className="o-grid__item u-half"
        >
            <label
                className="c-input"
                htmlFor="description"
            >
                <span>
                    Description
                </span>
                <input
                    id="description"
                    name="description"
                    onChange={[Function]}
                    type="text"
                    value="SPEC_DESCRIPTION"
                />
            </label>
        </div>
        <div
            className="o-grid__item u-half"
        >
            <label
                className="c-input"
                htmlFor="permissions"
            >
                <span>
                    Canvas API Permissions
                </span>
            </label>
        </div>
        <div
            className="o-grid__item u-full"
        >
            <Textarea
                className="c-input"
                labelText="Default Config"
                textareaProps={
                    Object {
                        "id": "application_default_config",
                        "name": "default_config",
                        "onChange": [Function],
                        "placeholder": "ex: { \\"foo\\": \\"bar\\" }",
                        "rows": 3,
                        "value": "{ \\"foo\\": \\"bar\\" }",
                      }
                }
                warning={null}
            />
        </div>
    </div>
    <button
        className="c-btn c-btn--yellow"
        onClick={[Function]}
        type="button"
    >
        Save
    </button>
    <button
        className="c-btn c-btn--gray--large u-m-right"
        onClick={[Function]}
        type="button"
    >
        Cancel
    </button>
</form>,
  "nodes": Array [
    <form>
      <div
            className="o-grid o-grid__modal-top"
      >
            <div
                  className="o-grid__item u-half"
            >
                  <label
                        className="c-input"
                        htmlFor="description"
                  >
                        <span>
                              Description
                        </span>
                        <input
                              id="description"
                              name="description"
                              onChange={[Function]}
                              type="text"
                              value="SPEC_DESCRIPTION"
                        />
                  </label>
            </div>
            <div
                  className="o-grid__item u-half"
            >
                  <label
                        className="c-input"
                        htmlFor="permissions"
                  >
                        <span>
                              Canvas API Permissions
                        </span>
                  </label>
            </div>
            <div
                  className="o-grid__item u-full"
            >
                  <Textarea
                        className="c-input"
                        labelText="Default Config"
                        textareaProps={
                              Object {
                                    "id": "application_default_config",
                                    "name": "default_config",
                                    "onChange": [Function],
                                    "placeholder": "ex: { \\"foo\\": \\"bar\\" }",
                                    "rows": 3,
                                    "value": "{ \\"foo\\": \\"bar\\" }",
                                  }
                        }
                        warning={null}
                  />
            </div>
      </div>
      <button
            className="c-btn c-btn--yellow"
            onClick={[Function]}
            type="button"
      >
            Save
      </button>
      <button
            className="c-btn c-btn--gray--large u-m-right"
            onClick={[Function]}
            type="button"
      >
            Cancel
      </button>
</form>,
  ],
  "options": Object {},
  "renderer": ReactShallowRenderer {
    "_instance": ShallowComponentWrapper {
      "_calledComponentWillUnmount": false,
      "_compositeType": 2,
      "_context": Object {},
      "_currentElement": <Form
        closeModal={[Function]}
        configParseError=""
        defaultConfig="{ \\"foo\\": \\"bar\\" }"
        description="SPEC_DESCRIPTION"
        onChange={[Function]}
        save={[Function]}
/>,
      "_debugID": 1,
      "_hostContainerInfo": null,
      "_hostParent": null,
      "_instance": StatelessComponent {
        "_reactInternalInstance": [Circular],
        "context": Object {},
        "props": Object {
          "closeModal": [Function],
          "configParseError": "",
          "defaultConfig": "{ \\"foo\\": \\"bar\\" }",
          "description": "SPEC_DESCRIPTION",
          "onChange": [Function],
          "save": [Function],
        },
        "refs": Object {},
        "state": null,
        "updater": Object {
          "enqueueCallback": [Function],
          "enqueueCallbackInternal": [Function],
          "enqueueElementInternal": [Function],
          "enqueueForceUpdate": [Function],
          "enqueueReplaceState": [Function],
          "enqueueSetState": [Function],
          "isMounted": [Function],
          "validateCallback": [Function],
        },
      },
      "_mountOrder": 1,
      "_pendingCallbacks": null,
      "_pendingElement": null,
      "_pendingForceUpdate": false,
      "_pendingReplaceState": false,
      "_pendingStateQueue": null,
      "_renderedComponent": NoopInternalComponent {
        "_currentElement": <form>
          <div
                    className="o-grid o-grid__modal-top"
          >
                    <div
                              className="o-grid__item u-half"
                    >
                              <label
                                        className="c-input"
                                        htmlFor="description"
                              >
                                        <span>
                                                  Description
                                        </span>
                                        <input
                                                  id="description"
                                                  name="description"
                                                  onChange={[Function]}
                                                  type="text"
                                                  value="SPEC_DESCRIPTION"
                                        />
                              </label>
                    </div>
                    <div
                              className="o-grid__item u-half"
                    >
                              <label
                                        className="c-input"
                                        htmlFor="permissions"
                              >
                                        <span>
                                                  Canvas API Permissions
                                        </span>
                              </label>
                    </div>
                    <div
                              className="o-grid__item u-full"
                    >
                              <Textarea
                                        className="c-input"
                                        labelText="Default Config"
                                        textareaProps={
                                                  Object {
                                                            "id": "application_default_config",
                                                            "name": "default_config",
                                                            "onChange": [Function],
                                                            "placeholder": "ex: { \\"foo\\": \\"bar\\" }",
                                                            "rows": 3,
                                                            "value": "{ \\"foo\\": \\"bar\\" }",
                                                          }
                                        }
                                        warning={null}
                              />
                    </div>
          </div>
          <button
                    className="c-btn c-btn--yellow"
                    onClick={[Function]}
                    type="button"
          >
                    Save
          </button>
          <button
                    className="c-btn c-btn--gray--large u-m-right"
                    onClick={[Function]}
                    type="button"
          >
                    Cancel
          </button>
</form>,
        "_debugID": 2,
        "_renderedOutput": <form>
          <div
                    className="o-grid o-grid__modal-top"
          >
                    <div
                              className="o-grid__item u-half"
                    >
                              <label
                                        className="c-input"
                                        htmlFor="description"
                              >
                                        <span>
                                                  Description
                                        </span>
                                        <input
                                                  id="description"
                                                  name="description"
                                                  onChange={[Function]}
                                                  type="text"
                                                  value="SPEC_DESCRIPTION"
                                        />
                              </label>
                    </div>
                    <div
                              className="o-grid__item u-half"
                    >
                              <label
                                        className="c-input"
                                        htmlFor="permissions"
                              >
                                        <span>
                                                  Canvas API Permissions
                                        </span>
                              </label>
                    </div>
                    <div
                              className="o-grid__item u-full"
                    >
                              <Textarea
                                        className="c-input"
                                        labelText="Default Config"
                                        textareaProps={
                                                  Object {
                                                            "id": "application_default_config",
                                                            "name": "default_config",
                                                            "onChange": [Function],
                                                            "placeholder": "ex: { \\"foo\\": \\"bar\\" }",
                                                            "rows": 3,
                                                            "value": "{ \\"foo\\": \\"bar\\" }",
                                                          }
                                        }
                                        warning={null}
                              />
                    </div>
          </div>
          <button
                    className="c-btn c-btn--yellow"
                    onClick={[Function]}
                    type="button"
          >
                    Save
          </button>
          <button
                    className="c-btn c-btn--gray--large u-m-right"
                    onClick={[Function]}
                    type="button"
          >
                    Cancel
          </button>
</form>,
      },
      "_renderedNodeType": 0,
      "_rootNodeID": 0,
      "_topLevelWrapper": null,
      "_updateBatchNumber": null,
      "_warnedAboutRefsInRender": false,
    },
    "getRenderOutput": [Function],
    "render": [Function],
  },
  "root": [Circular],
  "unrendered": <Form
    closeModal={[Function]}
    configParseError=""
    defaultConfig="{ \\"foo\\": \\"bar\\" }"
    description="SPEC_DESCRIPTION"
    onChange={[Function]}
    save={[Function]}
/>,
}
`;
