// Jest Snapshot v1, https://goo.gl/fbAQLP

exports[`applications index matches the snapshot 1`] = `
ShallowWrapper {
  "complexSelector": ComplexSelector {
    "buildPredicate": [Function],
    "childrenOfNode": [Function],
    "findWhereUnwrapped": [Function],
  },
  "length": 1,
  "node": <div>
    <Connect(Heading) />
    <div
        className="o-contain o-contain--full"
    >
        <div
            className="c-info"
        >
            <div
                className="c-title"
            >
                <h1>
                    LTI Applications
                </h1>
            </div>
        </div>
        <table
            className="c-table c-table--lti"
        >
            <thead>
                <tr>
                    <th>
                        <span>
                            NAME
                        </span>
                    </th>
                    <th>
                        <span>
                            INSTANCES
                        </span>
                    </th>
                    <th>
                        <span>
                            SETTINGS
                        </span>
                    </th>
                </tr>
            </thead>
            <tbody>
                <ApplicationRow
                    application={
                        Object {
                            "Power1": "Wall Crawling",
                            "Power2": "Spidey Sense",
                          }
                    }
                    saveApplication={[Function]}
                />
            </tbody>
        </table>
    </div>
</div>,
  "nodes": Array [
    <div>
      <Connect(Heading) />
      <div
            className="o-contain o-contain--full"
      >
            <div
                  className="c-info"
            >
                  <div
                        className="c-title"
                  >
                        <h1>
                              LTI Applications
                        </h1>
                  </div>
            </div>
            <table
                  className="c-table c-table--lti"
            >
                  <thead>
                        <tr>
                              <th>
                                    <span>
                                          NAME
                                    </span>
                              </th>
                              <th>
                                    <span>
                                          INSTANCES
                                    </span>
                              </th>
                              <th>
                                    <span>
                                          SETTINGS
                                    </span>
                              </th>
                        </tr>
                  </thead>
                  <tbody>
                        <ApplicationRow
                              application={
                                    Object {
                                          "Power1": "Wall Crawling",
                                          "Power2": "Spidey Sense",
                                        }
                              }
                              saveApplication={[Function]}
                        />
                  </tbody>
            </table>
      </div>
</div>,
  ],
  "options": Object {},
  "renderer": ReactShallowRenderer {
    "_instance": ShallowComponentWrapper {
      "_calledComponentWillUnmount": false,
      "_compositeType": 2,
      "_context": Object {},
      "_currentElement": <Index
        applications={
                Object {
                        "Spiderman": Object {
                          "Power1": "Wall Crawling",
                          "Power2": "Spidey Sense",
                        },
                      }
        }
        saveApplication={[Function]}
/>,
      "_debugID": 1,
      "_hostContainerInfo": null,
      "_hostParent": null,
      "_instance": StatelessComponent {
        "_reactInternalInstance": [Circular],
        "context": Object {},
        "props": Object {
          "applications": Object {
            "Spiderman": Object {
              "Power1": "Wall Crawling",
              "Power2": "Spidey Sense",
            },
          },
          "saveApplication": [Function],
        },
        "refs": Object {},
        "state": null,
        "updater": Object {
          "enqueueCallback": [Function],
          "enqueueCallbackInternal": [Function],
          "enqueueElementInternal": [Function],
          "enqueueForceUpdate": [Function],
          "enqueueReplaceState": [Function],
          "enqueueSetState": [Function],
          "isMounted": [Function],
          "validateCallback": [Function],
        },
      },
      "_mountOrder": 1,
      "_pendingCallbacks": null,
      "_pendingElement": null,
      "_pendingForceUpdate": false,
      "_pendingReplaceState": false,
      "_pendingStateQueue": null,
      "_renderedComponent": NoopInternalComponent {
        "_currentElement": <div>
          <Connect(Heading) />
          <div
                    className="o-contain o-contain--full"
          >
                    <div
                              className="c-info"
                    >
                              <div
                                        className="c-title"
                              >
                                        <h1>
                                                  LTI Applications
                                        </h1>
                              </div>
                    </div>
                    <table
                              className="c-table c-table--lti"
                    >
                              <thead>
                                        <tr>
                                                  <th>
                                                            <span>
                                                                      NAME
                                                            </span>
                                                  </th>
                                                  <th>
                                                            <span>
                                                                      INSTANCES
                                                            </span>
                                                  </th>
                                                  <th>
                                                            <span>
                                                                      SETTINGS
                                                            </span>
                                                  </th>
                                        </tr>
                              </thead>
                              <tbody>
                                        <ApplicationRow
                                                  application={
                                                            Object {
                                                                      "Power1": "Wall Crawling",
                                                                      "Power2": "Spidey Sense",
                                                                    }
                                                  }
                                                  saveApplication={[Function]}
                                        />
                              </tbody>
                    </table>
          </div>
</div>,
        "_debugID": 2,
        "_renderedOutput": <div>
          <Connect(Heading) />
          <div
                    className="o-contain o-contain--full"
          >
                    <div
                              className="c-info"
                    >
                              <div
                                        className="c-title"
                              >
                                        <h1>
                                                  LTI Applications
                                        </h1>
                              </div>
                    </div>
                    <table
                              className="c-table c-table--lti"
                    >
                              <thead>
                                        <tr>
                                                  <th>
                                                            <span>
                                                                      NAME
                                                            </span>
                                                  </th>
                                                  <th>
                                                            <span>
                                                                      INSTANCES
                                                            </span>
                                                  </th>
                                                  <th>
                                                            <span>
                                                                      SETTINGS
                                                            </span>
                                                  </th>
                                        </tr>
                              </thead>
                              <tbody>
                                        <ApplicationRow
                                                  application={
                                                            Object {
                                                                      "Power1": "Wall Crawling",
                                                                      "Power2": "Spidey Sense",
                                                                    }
                                                  }
                                                  saveApplication={[Function]}
                                        />
                              </tbody>
                    </table>
          </div>
</div>,
      },
      "_renderedNodeType": 0,
      "_rootNodeID": 0,
      "_topLevelWrapper": null,
      "_updateBatchNumber": null,
      "_warnedAboutRefsInRender": false,
    },
    "getRenderOutput": [Function],
    "render": [Function],
  },
  "root": [Circular],
  "unrendered": <Index
    applications={
        Object {
            "Spiderman": Object {
              "Power1": "Wall Crawling",
              "Power2": "Spidey Sense",
            },
          }
    }
    saveApplication={[Function]}
/>,
}
`;
