// Jest Snapshot v1, https://goo.gl/fbAQLP

exports[`install pane matches the snapshot 1`] = `undefined`;
