// Jest Snapshot v1, https://goo.gl/fbAQLP

exports[`common search inputs matches the snapshot 1`] = `
ShallowWrapper {
  "complexSelector": ComplexSelector {
    "buildPredicate": [Function],
    "childrenOfNode": [Function],
    "findWhereUnwrapped": [Function],
  },
  "length": 1,
  "node": <div>
    <input
        name="oauth_consumer_key"
        type="hidden"
        value="lti_key"
    />
    <input
        name="lti_key"
        type="hidden"
        value="lti_key"
    />
    <input
        name="name"
        type="hidden"
        value="ltiName"
    />
</div>,
  "nodes": Array [
    <div>
      <input
            name="oauth_consumer_key"
            type="hidden"
            value="lti_key"
      />
      <input
            name="lti_key"
            type="hidden"
            value="lti_key"
      />
      <input
            name="name"
            type="hidden"
            value="ltiName"
      />
</div>,
  ],
  "options": Object {},
  "renderer": ReactShallowRenderer {
    "_instance": ShallowComponentWrapper {
      "_calledComponentWillUnmount": false,
      "_compositeType": 2,
      "_context": Object {},
      "_currentElement": <SettingsInputs
        settings={
                Object {
                        "lti_key": "lti_key",
                        "name": "ltiName",
                      }
        }
/>,
      "_debugID": 3,
      "_hostContainerInfo": null,
      "_hostParent": null,
      "_instance": StatelessComponent {
        "_reactInternalInstance": [Circular],
        "context": Object {},
        "props": Object {
          "settings": Object {
            "lti_key": "lti_key",
            "name": "ltiName",
          },
        },
        "refs": Object {},
        "state": null,
        "updater": Object {
          "enqueueCallback": [Function],
          "enqueueCallbackInternal": [Function],
          "enqueueElementInternal": [Function],
          "enqueueForceUpdate": [Function],
          "enqueueReplaceState": [Function],
          "enqueueSetState": [Function],
          "isMounted": [Function],
          "validateCallback": [Function],
        },
      },
      "_mountOrder": 2,
      "_pendingCallbacks": null,
      "_pendingElement": null,
      "_pendingForceUpdate": false,
      "_pendingReplaceState": false,
      "_pendingStateQueue": null,
      "_renderedComponent": NoopInternalComponent {
        "_currentElement": <div>
          <input
                    name="oauth_consumer_key"
                    type="hidden"
                    value="lti_key"
          />
          <input
                    name="lti_key"
                    type="hidden"
                    value="lti_key"
          />
          <input
                    name="name"
                    type="hidden"
                    value="ltiName"
          />
</div>,
        "_debugID": 4,
        "_renderedOutput": <div>
          <input
                    name="oauth_consumer_key"
                    type="hidden"
                    value="lti_key"
          />
          <input
                    name="lti_key"
                    type="hidden"
                    value="lti_key"
          />
          <input
                    name="name"
                    type="hidden"
                    value="ltiName"
          />
</div>,
      },
      "_renderedNodeType": 0,
      "_rootNodeID": 0,
      "_topLevelWrapper": null,
      "_updateBatchNumber": null,
      "_warnedAboutRefsInRender": false,
    },
    "getRenderOutput": [Function],
    "render": [Function],
  },
  "root": [Circular],
  "unrendered": <SettingsInputs
    settings={
        Object {
            "lti_key": "lti_key",
            "name": "ltiName",
          }
    }
/>,
}
`;
