// Jest Snapshot v1, https://goo.gl/fbAQLP

exports[`sub nav matches the snapshot 1`] = `ShallowWrapper {}`;
