// Jest Snapshot v1, https://goo.gl/fbAQLP

exports[`warning matches the snapshot 1`] = `
ShallowWrapper {
  "complexSelector": ComplexSelector {
    "buildPredicate": [Function],
    "childrenOfNode": [Function],
    "findWhereUnwrapped": [Function],
  },
  "length": 1,
  "node": <div
    style={
        Object {
            "color": "red",
          }
    }
>
    Warning! Bad JSON! 
    bfcoder was here
</div>,
  "nodes": Array [
    <div
      style={
            Object {
                  "color": "red",
                }
      }
>
      Warning! Bad JSON! 
      bfcoder was here
</div>,
  ],
  "options": Object {},
  "renderer": ReactShallowRenderer {
    "_instance": ShallowComponentWrapper {
      "_calledComponentWillUnmount": false,
      "_compositeType": 2,
      "_context": Object {},
      "_currentElement": <Warning
        text="bfcoder was here"
/>,
      "_debugID": 1,
      "_hostContainerInfo": null,
      "_hostParent": null,
      "_instance": StatelessComponent {
        "_reactInternalInstance": [Circular],
        "context": Object {},
        "props": Object {
          "text": "bfcoder was here",
        },
        "refs": Object {},
        "state": null,
        "updater": Object {
          "enqueueCallback": [Function],
          "enqueueCallbackInternal": [Function],
          "enqueueElementInternal": [Function],
          "enqueueForceUpdate": [Function],
          "enqueueReplaceState": [Function],
          "enqueueSetState": [Function],
          "isMounted": [Function],
          "validateCallback": [Function],
        },
      },
      "_mountOrder": 1,
      "_pendingCallbacks": null,
      "_pendingElement": null,
      "_pendingForceUpdate": false,
      "_pendingReplaceState": false,
      "_pendingStateQueue": null,
      "_renderedComponent": NoopInternalComponent {
        "_currentElement": <div
          style={
                    Object {
                              "color": "red",
                            }
          }
>
          Warning! Bad JSON! 
          bfcoder was here
</div>,
        "_debugID": 2,
        "_renderedOutput": <div
          style={
                    Object {
                              "color": "red",
                            }
          }
>
          Warning! Bad JSON! 
          bfcoder was here
</div>,
      },
      "_renderedNodeType": 0,
      "_rootNodeID": 0,
      "_topLevelWrapper": null,
      "_updateBatchNumber": null,
      "_warnedAboutRefsInRender": false,
    },
    "getRenderOutput": [Function],
    "render": [Function],
  },
  "root": [Circular],
  "unrendered": <Warning
    text="bfcoder was here"
/>,
}
`;
