// Jest Snapshot v1, https://goo.gl/fbAQLP

exports[`sites delete form matches the snapshot 1`] = `
ShallowWrapper {
  "complexSelector": ComplexSelector {
    "buildPredicate": [Function],
    "childrenOfNode": [Function],
    "findWhereUnwrapped": [Function],
  },
  "length": 1,
  "node": <form>
    <button
        className="c-btn c-btn--red"
        onClick={[Function]}
        type="button"
    >
        Yes
    </button>
    <button
        className="c-btn c-btn--gray--large u-m-right"
        onClick={[Function]}
        type="button"
    >
        Cancel
    </button>
</form>,
  "nodes": Array [
    <form>
      <button
            className="c-btn c-btn--red"
            onClick={[Function]}
            type="button"
      >
            Yes
      </button>
      <button
            className="c-btn c-btn--gray--large u-m-right"
            onClick={[Function]}
            type="button"
      >
            Cancel
      </button>
</form>,
  ],
  "options": Object {},
  "renderer": ReactShallowRenderer {
    "_instance": ShallowComponentWrapper {
      "_calledComponentWillUnmount": false,
      "_compositeType": 2,
      "_context": Object {},
      "_currentElement": <SiteForm
        closeModal={[Function]}
        deleteSite={[Function]}
/>,
      "_debugID": 1,
      "_hostContainerInfo": null,
      "_hostParent": null,
      "_instance": StatelessComponent {
        "_reactInternalInstance": [Circular],
        "context": Object {},
        "props": Object {
          "closeModal": [Function],
          "deleteSite": [Function],
        },
        "refs": Object {},
        "state": null,
        "updater": Object {
          "enqueueCallback": [Function],
          "enqueueCallbackInternal": [Function],
          "enqueueElementInternal": [Function],
          "enqueueForceUpdate": [Function],
          "enqueueReplaceState": [Function],
          "enqueueSetState": [Function],
          "isMounted": [Function],
          "validateCallback": [Function],
        },
      },
      "_mountOrder": 1,
      "_pendingCallbacks": null,
      "_pendingElement": null,
      "_pendingForceUpdate": false,
      "_pendingReplaceState": false,
      "_pendingStateQueue": null,
      "_renderedComponent": NoopInternalComponent {
        "_currentElement": <form>
          <button
                    className="c-btn c-btn--red"
                    onClick={[Function]}
                    type="button"
          >
                    Yes
          </button>
          <button
                    className="c-btn c-btn--gray--large u-m-right"
                    onClick={[Function]}
                    type="button"
          >
                    Cancel
          </button>
</form>,
        "_debugID": 2,
        "_renderedOutput": <form>
          <button
                    className="c-btn c-btn--red"
                    onClick={[Function]}
                    type="button"
          >
                    Yes
          </button>
          <button
                    className="c-btn c-btn--gray--large u-m-right"
                    onClick={[Function]}
                    type="button"
          >
                    Cancel
          </button>
</form>,
      },
      "_renderedNodeType": 0,
      "_rootNodeID": 0,
      "_topLevelWrapper": null,
      "_updateBatchNumber": null,
      "_warnedAboutRefsInRender": false,
    },
    "getRenderOutput": [Function],
    "render": [Function],
  },
  "root": [Circular],
  "unrendered": <SiteForm
    closeModal={[Function]}
    deleteSite={[Function]}
/>,
}
`;
