// Jest Snapshot v1, https://goo.gl/fbAQLP

exports[`site modal matches the snapshot 1`] = `
ShallowWrapper {
  "complexSelector": ComplexSelector {
    "buildPredicate": [Function],
    "childrenOfNode": [Function],
    "findWhereUnwrapped": [Function],
  },
  "length": 1,
  "node": <Modal
    ariaHideApp={true}
    className="c-modal c-modal--site is-open"
    closeTimeoutMS={0}
    contentLabel="Modal"
    isOpen={true}
    onRequestClose={[Function]}
    overlayClassName="unused"
    parentSelector={[Function]}
    portalClassName="ReactModalPortal"
    shouldCloseOnOverlayClick={true}
>
    <h2
        className="c-modal__title"
    >
        Update
         Domain
    </h2>
    <h3
        className="c-modal__subtext"
    >
        <div>
            <div>
                Use the redirect URI: 
                
            </div>
            <div>
                <a
                    className="c-modal__subtext-link"
                    href="bfcoder.com/accounts/site_admin/developer_keys"
                    rel="noopener noreferrer"
                    target="_blank"
                >
                    Get Canvas Developer Keys Here
                </a>
            </div>
        </div>
    </h3>
    <h3
        className="c-modal__subtext"
    >
        Url must begin with "https://"
    </h3>
    <SiteForm
        closeModal={[Function]}
        id={1}
        isUpdate={true}
        onChange={[Function]}
        setupSite={[Function]}
        url="bfcoder.com"
    />
</Modal>,
  "nodes": Array [
    <Modal
      ariaHideApp={true}
      className="c-modal c-modal--site is-open"
      closeTimeoutMS={0}
      contentLabel="Modal"
      isOpen={true}
      onRequestClose={[Function]}
      overlayClassName="unused"
      parentSelector={[Function]}
      portalClassName="ReactModalPortal"
      shouldCloseOnOverlayClick={true}
>
      <h2
            className="c-modal__title"
      >
            Update
             Domain
      </h2>
      <h3
            className="c-modal__subtext"
      >
            <div>
                  <div>
                        Use the redirect URI: 
                        
                  </div>
                  <div>
                        <a
                              className="c-modal__subtext-link"
                              href="bfcoder.com/accounts/site_admin/developer_keys"
                              rel="noopener noreferrer"
                              target="_blank"
                        >
                              Get Canvas Developer Keys Here
                        </a>
                  </div>
            </div>
      </h3>
      <h3
            className="c-modal__subtext"
      >
            Url must begin with "https://"
      </h3>
      <SiteForm
            closeModal={[Function]}
            id={1}
            isUpdate={true}
            onChange={[Function]}
            setupSite={[Function]}
            url="bfcoder.com"
      />
</Modal>,
  ],
  "options": Object {},
  "renderer": ReactShallowRenderer {
    "_instance": ShallowComponentWrapper {
      "_calledComponentWillUnmount": false,
      "_compositeType": 0,
      "_context": Object {},
      "_currentElement": <SiteModal
        closeModal={[Function]}
        createSite={[Function]}
        isOpen={true}
        settings={
                Object {
                        "canvas_callback_url": "",
                        "lti_key": "",
                      }
        }
        site={
                Object {
                        "id": 1,
                        "url": "bfcoder.com",
                      }
        }
        updateSite={[Function]}
/>,
      "_debugID": 1,
      "_hostContainerInfo": null,
      "_hostParent": null,
      "_instance": SiteModal {
        "_reactInternalInstance": [Circular],
        "context": Object {},
        "props": Object {
          "closeModal": [Function],
          "createSite": [Function],
          "isOpen": true,
          "settings": Object {
            "canvas_callback_url": "",
            "lti_key": "",
          },
          "site": Object {
            "id": 1,
            "url": "bfcoder.com",
          },
          "updateSite": [Function],
        },
        "refs": Object {},
        "state": Object {
          "site": Object {
            "id": 1,
            "url": "bfcoder.com",
          },
        },
        "updater": Object {
          "enqueueCallback": [Function],
          "enqueueCallbackInternal": [Function],
          "enqueueElementInternal": [Function],
          "enqueueForceUpdate": [Function],
          "enqueueReplaceState": [Function],
          "enqueueSetState": [Function],
          "isMounted": [Function],
          "validateCallback": [Function],
        },
      },
      "_mountOrder": 1,
      "_pendingCallbacks": null,
      "_pendingElement": null,
      "_pendingForceUpdate": false,
      "_pendingReplaceState": false,
      "_pendingStateQueue": null,
      "_renderedComponent": NoopInternalComponent {
        "_currentElement": <Modal
          ariaHideApp={true}
          className="c-modal c-modal--site is-open"
          closeTimeoutMS={0}
          contentLabel="Modal"
          isOpen={true}
          onRequestClose={[Function]}
          overlayClassName="unused"
          parentSelector={[Function]}
          portalClassName="ReactModalPortal"
          shouldCloseOnOverlayClick={true}
>
          <h2
                    className="c-modal__title"
          >
                    Update
                     Domain
          </h2>
          <h3
                    className="c-modal__subtext"
          >
                    <div>
                              <div>
                                        Use the redirect URI: 
                                        
                              </div>
                              <div>
                                        <a
                                                  className="c-modal__subtext-link"
                                                  href="bfcoder.com/accounts/site_admin/developer_keys"
                                                  rel="noopener noreferrer"
                                                  target="_blank"
                                        >
                                                  Get Canvas Developer Keys Here
                                        </a>
                              </div>
                    </div>
          </h3>
          <h3
                    className="c-modal__subtext"
          >
                    Url must begin with "https://"
          </h3>
          <SiteForm
                    closeModal={[Function]}
                    id={1}
                    isUpdate={true}
                    onChange={[Function]}
                    setupSite={[Function]}
                    url="bfcoder.com"
          />
</Modal>,
        "_debugID": 2,
        "_renderedOutput": <Modal
          ariaHideApp={true}
          className="c-modal c-modal--site is-open"
          closeTimeoutMS={0}
          contentLabel="Modal"
          isOpen={true}
          onRequestClose={[Function]}
          overlayClassName="unused"
          parentSelector={[Function]}
          portalClassName="ReactModalPortal"
          shouldCloseOnOverlayClick={true}
>
          <h2
                    className="c-modal__title"
          >
                    Update
                     Domain
          </h2>
          <h3
                    className="c-modal__subtext"
          >
                    <div>
                              <div>
                                        Use the redirect URI: 
                                        
                              </div>
                              <div>
                                        <a
                                                  className="c-modal__subtext-link"
                                                  href="bfcoder.com/accounts/site_admin/developer_keys"
                                                  rel="noopener noreferrer"
                                                  target="_blank"
                                        >
                                                  Get Canvas Developer Keys Here
                                        </a>
                              </div>
                    </div>
          </h3>
          <h3
                    className="c-modal__subtext"
          >
                    Url must begin with "https://"
          </h3>
          <SiteForm
                    closeModal={[Function]}
                    id={1}
                    isUpdate={true}
                    onChange={[Function]}
                    setupSite={[Function]}
                    url="bfcoder.com"
          />
</Modal>,
      },
      "_renderedNodeType": 1,
      "_rootNodeID": 0,
      "_topLevelWrapper": null,
      "_updateBatchNumber": null,
      "_warnedAboutRefsInRender": false,
    },
    "getRenderOutput": [Function],
    "render": [Function],
  },
  "root": [Circular],
  "unrendered": <SiteModal
    closeModal={[Function]}
    createSite={[Function]}
    isOpen={true}
    settings={
        Object {
            "canvas_callback_url": "",
            "lti_key": "",
          }
    }
    site={
        Object {
            "id": 1,
            "url": "bfcoder.com",
          }
    }
    updateSite={[Function]}
/>,
}
`;
